
> react-kavia@0.1.0 start
> cross-env EDIT_MODE=true webpack serve --config .ve/webpack.config.js --mode development

<i> [webpack-dev-server] Project is running at:
<i> [webpack-dev-server] Loopback: http://localhost:3000/, http://[::1]:3000/
<i> [webpack-dev-server] On Your Network (IPv4): http://172.17.0.2:3000/
<i> [webpack-dev-server] Content not from webpack is served from './public' directory
Injecting EditorRootWrapper import: ../.ve/EditorRootWrapper
asset bundle.js 1.39 MiB [emitted] (name: main)
asset index.html 1.92 KiB [emitted]
runtime modules 27.5 KiB 14 modules
modules by path ./node_modules/ 1.24 MiB 31 modules
modules by path ./src/ 10.2 KiB
  modules by path ./src/*.css 7.49 KiB 4 modules
  modules by path ./src/*.js 2.76 KiB
    ./src/index.js 530 bytes [built] [code generated]
    ./src/App.js 2.24 KiB [built] [code generated]
modules by path ./.ve/ 15.1 KiB
  modules by path ./.ve/*.js 10.6 KiB 2 modules
  modules by path ./.ve/*.css 2.93 KiB
    ./.ve/EditorOverlay.css 2.25 KiB [built] [code generated]
    ./node_modules/css-loader/dist/cjs.js!./.ve/EditorOverlay.css 697 bytes [built] [code generated]
  ./.ve/EditorOverlay.jsx 1.58 KiB [built] [code generated]
webpack 5.99.9 compiled successfully in 1801 ms
Injecting EditorRootWrapper import: ../.ve/EditorRootWrapper
assets by status 1.39 MiB [cached] 1 asset
asset index.html 1.92 KiB [emitted]
cached modules 1.25 MiB (javascript) 27.5 KiB (runtime) [cached] 51 modules
javascript modules 15 KiB
  modules by path ./.ve/ 12.2 KiB
    ./.ve/EditorRootWrapper.js 2.68 KiB [built]
    ./.ve/EditorOverlay.jsx 1.58 KiB [built]
    ./.ve/SidePanel.js 7.93 KiB [built]
  modules by path ./src/*.js 2.76 KiB
    ./src/index.js 530 bytes [built]
    ./src/App.js 2.24 KiB [built]
webpack 5.99.9 compiled successfully in 276 ms
Injecting EditorRootWrapper import: ../.ve/EditorRootWrapper
assets by status 1.39 MiB [cached] 1 asset
asset index.html 1.92 KiB [emitted]
cached modules 1.25 MiB (javascript) 27.5 KiB (runtime) [cached] 51 modules
javascript modules 15 KiB
  modules by path ./.ve/ 12.2 KiB
    ./.ve/EditorRootWrapper.js 2.68 KiB [built]
    ./.ve/EditorOverlay.jsx 1.58 KiB [built]
    ./.ve/SidePanel.js 7.93 KiB [built]
  modules by path ./src/*.js 2.76 KiB
    ./src/index.js 530 bytes [built]
    ./src/App.js 2.24 KiB [built]
webpack 5.99.9 compiled successfully in 148 ms
assets by status 1.92 KiB [cached] 1 asset
assets by path *.js 1.4 MiB
  asset bundle.js 1.39 MiB [emitted] (name: main)
  asset main.9d0e725d3b4048eb9687.hot-update.js 5.75 KiB [emitted] [immutable] [hmr] (name: main)
asset main.9d0e725d3b4048eb9687.hot-update.json 28 bytes [emitted] [immutable] [hmr]
Entrypoint main 1.4 MiB = bundle.js 1.39 MiB main.9d0e725d3b4048eb9687.hot-update.js 5.75 KiB
cached modules 1.26 MiB [cached] 41 modules
runtime modules 27.5 KiB 14 modules
./node_modules/css-loader/dist/cjs.js!./src/App.css 3.25 KiB [built] [code generated]
webpack 5.99.9 compiled successfully in 52 ms
assets by status 1.92 KiB [cached] 1 asset
assets by path *.js 2.23 MiB
  asset bundle.js 1.81 MiB [emitted] (name: main)
  asset main.0d3f8078ee74772460ca.hot-update.js 433 KiB [emitted] [immutable] [hmr] (name: main)
asset main.0d3f8078ee74772460ca.hot-update.json 28 bytes [emitted] [immutable] [hmr]
Entrypoint main 2.23 MiB = bundle.js 1.81 MiB main.0d3f8078ee74772460ca.hot-update.js 433 KiB
cached modules 1.26 MiB [cached] 41 modules
runtime modules 27.5 KiB 14 modules
orphan modules 12.8 KiB [orphan] 3 modules
javascript modules 390 KiB
  modules by path ./src/ 10.9 KiB
    modules by path ./src/pages/*.js 5.78 KiB
      ./src/pages/RecipeBrowsingPage.js 1.21 KiB [built] [code generated]
      ./src/pages/RecipeCreationPage.js 1.43 KiB [built] [code generated]
      + 2 modules
    ./src/App.js 2.39 KiB [built] [code generated]
    ./src/components/Sidebar.js 2.72 KiB [built] [code generated]
  modules by path ./node_modules/ 379 KiB
    ./node_modules/react-router/dist/development/chunk-NL6KNZEE.mjs 365 KiB [built] [code generated]
    ./node_modules/react-router/node_modules/cookie/dist/index.js 8.14 KiB [built] [code generated]
    ./node_modules/set-cookie-parser/lib/set-cookie.js 6.47 KiB [built] [code generated]
webpack 5.99.9 compiled successfully in 467 ms
Injecting EditorRootWrapper import: ../.ve/EditorRootWrapper
assets by path *.js 1.81 MiB
  asset bundle.js 1.81 MiB [emitted] (name: main)
  asset main.53ea6e681cd6b70ef44a.hot-update.js 854 bytes [emitted] [immutable] [hmr] (name: main)
asset index.html 1.92 KiB [emitted]
asset main.53ea6e681cd6b70ef44a.hot-update.json 28 bytes [emitted] [immutable] [hmr]
Entrypoint main 1.81 MiB = bundle.js 1.81 MiB main.53ea6e681cd6b70ef44a.hot-update.js 854 bytes
cached modules 1.63 MiB [cached] 43 modules
runtime modules 27.5 KiB 14 modules
javascript modules 23.6 KiB
  modules by path ./src/ 11.4 KiB
    modules by path ./src/pages/*.js 5.78 KiB
      ./src/pages/RecipeBrowsingPage.js 1.21 KiB [built]
      + 3 modules
    modules by path ./src/*.js 2.9 KiB
      ./src/index.js 530 bytes [built]
      ./src/App.js 2.39 KiB [built]
    ./src/components/Sidebar.js 2.72 KiB [built]
  modules by path ./.ve/ 12.2 KiB
    ./.ve/EditorRootWrapper.js 2.68 KiB [built]
    ./.ve/EditorOverlay.jsx 1.58 KiB [built]
    ./.ve/SidePanel.js 7.93 KiB [built]
webpack 5.99.9 compiled successfully in 296 ms
assets by path *.js 1.81 MiB
  asset bundle.js 1.81 MiB [emitted] (name: main)
  asset main.3662b16c6ec710c5c935.hot-update.js 854 bytes [emitted] [immutable] [hmr] (name: main)
asset index.html 1.74 KiB [emitted]
asset main.3662b16c6ec710c5c935.hot-update.json 28 bytes [emitted] [immutable] [hmr]
Entrypoint main 1.81 MiB = bundle.js 1.81 MiB main.3662b16c6ec710c5c935.hot-update.js 854 bytes
cached modules 1.66 MiB [cached] 53 modules
runtime modules 27.5 KiB 14 modules
webpack 5.99.9 compiled successfully in 77 ms
